99574
1
4
11
16
16
32
57
57
57
57
57
170
170
570
2326
2326
2326
2326
2326
2326
7730
7730
21053
36934
36934
120
1
4
4
4
19
19
19
58
58
58
118
9
1
1
39
1
3
3
3
3
39
2
2
18
1
2
2
3
1
5
5
5
5
5
9
1
1
9
9
8
1
1
6
3
1
8
8
2
4
6
12
1
2
5
14
1
1
10
3
1
12
1
3
3
4
1
4
0
1
1
1
2
2
2
2
9
1
1
1
7
1
1
7
3
3
3
11
1
2
6
11
2
2
7
1
2
5
1
5
3
3
3
2
2
0
2
3
3
3
0
2
2
2
3
1
4
4
4
4
0
2
0
2
2
2
3
1
0
2
0
2
0
3
3
2
2
0
3
3
0
2
